<html>
<body>
<pre>
<h1>礦ision Build Log</h1>
<h2>Tool Versions:</h2>
IDE-Version: μVision V5.14.2
Copyright (C) 2015 ARM Ltd and ARM Germany GmbH. All rights reserved.
License Information: Cortex-M3, zhangye, LIC=EPPFW-Q7NA8-8X9UZ-JDHZL-X4RUS-DLSY2
 
Tool Versions:
Toolchain:       MDK-ARM Professional  Version: 5.14.0.0
Toolchain Path:  F:\mdk_514\ARM\ARMCC\Bin
C Compiler:      Armcc.exe V5.05 update 1 (build 106)
Assembler:       Armasm.exe V5.05 update 1 (build 106)
Linker/Locator:  ArmLink.exe V5.05 update 1 (build 106)
Library Manager: ArmAr.exe V5.05 update 1 (build 106)
Hex Converter:   FromElf.exe V5.05 update 1 (build 106)
CPU DLL:         SARMCM3.DLL V5.14.0.0
Dialog DLL:      DARMSTM.DLL V1.65.0.0
Target DLL:      Segger\JL2CM3.dll V2.99.13.0
Dialog DLL:      TARMSTM.DLL V1.64.0.0
 
<h2>Project:</h2>
C:\Users\zhangye\Desktop\开环1 - 副本\USER\PWM.uvprojx
Project File Date:  04/12/2019

<h2>Output:</h2>
*** Using Compiler 'V5.05 update 1 (build 106)', folder: 'F:\mdk_514\ARM\ARMCC\Bin'
Build target 'Target 1'
compiling adc.c...
linking...
Program Size: Code=15434 RO-data=6994 RW-data=1688 ZI-data=2856  
FromELF: creating hex file...
"..\OBJ\PWM.axf" - 0 Error(s), 0 Warning(s).

<h2>Collection of Component include folders:</h2>
  C:\Users\zhangye\Desktop\开环1 - 副本\USER\RTE
  F:\mdk_514\ARM\PACK\Keil\STM32F1xx_DFP\1.0.5\Device\Include

<h2>Collection of Component Files used:</h2>
</pre>
</body>
</html>
